// Jest Snapshot v1, https://goo.gl/fbAQLP

exports[`Input test cases renders Input correctly 1`] = `
<DocumentFragment>
  <div>
    <input
      class="className"
      data-testid="input"
      max="100"
      min="0"
      placeholder="placeholder"
      type="range"
      value=""
    />
    <div
      class="error"
    />
  </div>
</DocumentFragment>
`;
