// Jest Snapshot v1, https://goo.gl/fbAQLP

exports[`renders Flight Search Engine header correctly 1`] = `
<DocumentFragment>
  <div
    class="header"
  >
    <h1>
      Flight Search Engine
    </h1>
  </div>
</DocumentFragment>
`;
