// Jest Snapshot v1, https://goo.gl/fbAQLP

exports[`renders Flight Search Engine correctly 1`] = `
<DocumentFragment>
  <div
    class="container"
  >
    <div
      class="header"
    >
      <h1>
        Flight Search Engine
      </h1>
    </div>
    <div
      class="side-bar"
    >
      <div
        class="tabs-container"
      >
        <nav
          class="tabs-btn"
        >
          <button
            class="btn active"
          >
            One Way
          </button>
          <button
            class="btn "
          >
            Round Trip
          </button>
        </nav>
        <div
          class="tabs-wrapper"
        >
          <div
            class="tab"
          >
            <div
              class="drop-down css-2b097c-container"
            >
              <div
                class=" css-yk16xz-control"
              >
                <div
                  class=" css-1hwfws3"
                >
                  <div
                    class=" css-1wa3eu0-placeholder"
                  >
                    Enter origin City
                  </div>
                  <div
                    class="css-b8ldur-Input"
                  >
                    <div
                      class=""
                      style="display: inline-block;"
                    >
                      <input
                        aria-autocomplete="list"
                        autocapitalize="none"
                        autocomplete="off"
                        autocorrect="off"
                        id="react-select-2-input"
                        spellcheck="false"
                        style="box-sizing: content-box; width: 2px; border: 0px; font-size: inherit; opacity: 1; outline: 0; padding: 0px;"
                        tabindex="0"
                        type="text"
                        value=""
                      />
                      <div
                        style="position: absolute; top: 0px; left: 0px; visibility: hidden; height: 0px; overflow: scroll; white-space: pre; font-size: inherit; font-family: -webkit-small-control; letter-spacing: normal; text-transform: none;"
                      />
                    </div>
                  </div>
                </div>
                <div
                  class=" css-1hb7zxy-IndicatorsContainer"
                >
                  <span
                    class=" css-1okebmr-indicatorSeparator"
                  />
                  <div
                    aria-hidden="true"
                    class=" css-tlfecz-indicatorContainer"
                  >
                    <svg
                      aria-hidden="true"
                      class="css-6q0nyr-Svg"
                      focusable="false"
                      height="20"
                      viewBox="0 0 20 20"
                      width="20"
                    >
                      <path
                        d="M4.516 7.548c0.436-0.446 1.043-0.481 1.576 0l3.908 3.747 3.908-3.747c0.533-0.481 1.141-0.446 1.574 0 0.436 0.445 0.408 1.197 0 1.615-0.406 0.418-4.695 4.502-4.695 4.502-0.217 0.223-0.502 0.335-0.787 0.335s-0.57-0.112-0.789-0.335c0 0-4.287-4.084-4.695-4.502s-0.436-1.17 0-1.615z"
                      />
                    </svg>
                  </div>
                </div>
              </div>
            </div>
            <div
              class="drop-down css-2b097c-container"
            >
              <div
                class=" css-yk16xz-control"
              >
                <div
                  class=" css-1hwfws3"
                >
                  <div
                    class=" css-1wa3eu0-placeholder"
                  >
                    Enter Destination City
                  </div>
                  <div
                    class="css-b8ldur-Input"
                  >
                    <div
                      class=""
                      style="display: inline-block;"
                    >
                      <input
                        aria-autocomplete="list"
                        autocapitalize="none"
                        autocomplete="off"
                        autocorrect="off"
                        id="react-select-3-input"
                        spellcheck="false"
                        style="box-sizing: content-box; width: 2px; border: 0px; font-size: inherit; opacity: 1; outline: 0; padding: 0px;"
                        tabindex="0"
                        type="text"
                        value=""
                      />
                      <div
                        style="position: absolute; top: 0px; left: 0px; visibility: hidden; height: 0px; overflow: scroll; white-space: pre; font-size: inherit; font-family: -webkit-small-control; letter-spacing: normal; text-transform: none;"
                      />
                    </div>
                  </div>
                </div>
                <div
                  class=" css-1hb7zxy-IndicatorsContainer"
                >
                  <span
                    class=" css-1okebmr-indicatorSeparator"
                  />
                  <div
                    aria-hidden="true"
                    class=" css-tlfecz-indicatorContainer"
                  >
                    <svg
                      aria-hidden="true"
                      class="css-6q0nyr-Svg"
                      focusable="false"
                      height="20"
                      viewBox="0 0 20 20"
                      width="20"
                    >
                      <path
                        d="M4.516 7.548c0.436-0.446 1.043-0.481 1.576 0l3.908 3.747 3.908-3.747c0.533-0.481 1.141-0.446 1.574 0 0.436 0.445 0.408 1.197 0 1.615-0.406 0.418-4.695 4.502-4.695 4.502-0.217 0.223-0.502 0.335-0.787 0.335s-0.57-0.112-0.789-0.335c0 0-4.287-4.084-4.695-4.502s-0.436-1.17 0-1.615z"
                      />
                    </svg>
                  </div>
                </div>
              </div>
            </div>
            <div>
              <input
                class="date-picker"
                type="date"
                value=""
              />
            </div>
            <div>
              <input
                class="input-number"
                data-testid="input"
                max="100"
                min="0"
                placeholder="No of passengers"
                type="number"
                value=""
              />
              <div
                class="error"
              />
            </div>
            <button
              class="btn btn-primary"
              disabled=""
            >
              Search
            </button>
          </div>
        </div>
      </div>
      <div>
        <div
          class="price"
        >
          <div
            class="price-label"
          >
            Filter By Price
          </div>
          <div
            class="price-range"
          >
            <span
              class="price-range--min"
            >
              1000
            </span>
            <span
              class="price-range--max"
            >
              12000
            </span>
          </div>
          <div>
            <input
              class="input-range"
              data-testid="input"
              max="12000"
              min="1000"
              type="range"
              value="12000"
            />
          </div>
          <div
            class="price-selected"
          >
            Price : 12000
          </div>
        </div>
      </div>
    </div>
    <div
      class="main-content"
    >
      <div
        class="result-container"
      >
        <div
          class="default-message"
        >
          <p>
            Welcome!
          </p>
          <p>
            Please use search side bar for the customized search.
          </p>
          <p>
            Under Round Trip tab you can search for Round Trips.
          </p>
          <p>
            Please use Filter by Price range slider to refine your search.
          </p>
          <p>
            As I've created a directive to disable previous dates,
          </p>
          <p>
            So for Convenience please use below dates to test this application:
          </p>
          <hr />
          <div>
            <p>
              Data is mostly created for flights 27 Feb 2010 and Return Date: 29 Feb 2020
            </p>
          </div>
        </div>
      </div>
    </div>
  </div>
</DocumentFragment>
`;
